\BOOKMARK [1][-]{section.1}{\376\377\000I\000n\000t\000r\000o\000d\000u\000c\000c\000i\000\363\000n}{}% 1
\BOOKMARK [1][-]{section.2}{\376\377\000D\000e\000s\000a\000r\000r\000o\000l\000l\000o\000\040\000d\000e\000l\000\040\000P\000r\000o\000y\000e\000c\000t\000o}{}% 2
\BOOKMARK [1][-]{section.3}{\376\377\000R\000e\000s\000u\000l\000t\000a\000d\000o\000s\000\040\000y\000\040\000A\000n\000\341\000l\000i\000s\000i\000s}{}% 3
\BOOKMARK [1][-]{section.4}{\376\377\000C\000o\000n\000c\000l\000u\000s\000i\000o\000n\000e\000s}{}% 4
\BOOKMARK [1][-]{appendix.Alph1}{\376\377\000F\000l\000u\000j\000o\000\040\000d\000e\000\040\000t\000r\000a\000b\000a\000j\000o\000\040\000y\000\040\000m\000e\000t\000o\000d\000o\000l\000o\000g\000\355\000a\000\040\000d\000e\000\040\000d\000e\000s\000a\000r\000r\000o\000l\000l\000o}{}% 5
\BOOKMARK [2][-]{subsection.Alph1.1}{\376\377\000O\000r\000g\000a\000n\000i\000z\000a\000c\000i\000\363\000n\000\040\000d\000e\000l\000\040\000e\000q\000u\000i\000p\000o}{appendix.Alph1}% 6
\BOOKMARK [2][-]{subsection.Alph1.2}{\376\377\000H\000e\000r\000r\000a\000m\000i\000e\000n\000t\000a\000s\000\040\000d\000e\000\040\000d\000e\000s\000a\000r\000r\000o\000l\000l\000o\000\040\000c\000o\000l\000a\000b\000o\000r\000a\000t\000i\000v\000o}{appendix.Alph1}% 7
\BOOKMARK [3][-]{subsubsection.Alph1.2.1}{\376\377\000C\000o\000n\000t\000r\000o\000l\000\040\000d\000e\000\040\000v\000e\000r\000s\000i\000o\000n\000e\000s}{subsection.Alph1.2}% 8
\BOOKMARK [3][-]{subsubsection.Alph1.2.2}{\376\377\000G\000e\000s\000t\000i\000\363\000n\000\040\000d\000e\000\040\000t\000a\000r\000e\000a\000s}{subsection.Alph1.2}% 9
\BOOKMARK [2][-]{subsection.Alph1.3}{\376\377\000P\000r\000o\000c\000e\000s\000o\000\040\000d\000e\000\040\000d\000e\000s\000a\000r\000r\000o\000l\000l\000o}{appendix.Alph1}% 10
\BOOKMARK [3][-]{subsubsection.Alph1.3.1}{\376\377\000W\000o\000r\000k\000f\000l\000o\000w\000\040\000d\000e\000\040\000c\000\363\000d\000i\000g\000o}{subsection.Alph1.3}% 11
\BOOKMARK [3][-]{subsubsection.Alph1.3.2}{\376\377\000E\000s\000t\000\341\000n\000d\000a\000r\000e\000s\000\040\000d\000e\000\040\000c\000a\000l\000i\000d\000a\000d}{subsection.Alph1.3}% 12
\BOOKMARK [1][-]{appendix.Alph2}{\376\377\000C\000o\000n\000f\000i\000g\000u\000r\000a\000c\000i\000\363\000n\000\040\000d\000e\000l\000\040\000e\000n\000t\000o\000r\000n\000o\000\040\000d\000e\000\040\000d\000e\000s\000a\000r\000r\000o\000l\000l\000o}{}% 13
\BOOKMARK [2][-]{subsection.Alph2.1}{\376\377\000E\000s\000p\000e\000c\000i\000f\000i\000c\000a\000c\000i\000o\000n\000e\000s\000\040\000d\000e\000\040\000l\000a\000\040\000m\000\341\000q\000u\000i\000n\000a\000\040\000v\000i\000r\000t\000u\000a\000l}{appendix.Alph2}% 14
\BOOKMARK [2][-]{subsection.Alph2.2}{\376\377\000S\000o\000f\000t\000w\000a\000r\000e\000\040\000p\000r\000e\000i\000n\000s\000t\000a\000l\000a\000d\000o}{appendix.Alph2}% 15
\BOOKMARK [2][-]{subsection.Alph2.3}{\376\377\000C\000o\000n\000f\000i\000g\000u\000r\000a\000c\000i\000\363\000n\000\040\000a\000d\000i\000c\000i\000o\000n\000a\000l}{appendix.Alph2}% 16
\BOOKMARK [3][-]{subsubsection.Alph2.3.1}{\376\377\000G\000u\000e\000s\000t\000\040\000A\000d\000d\000i\000t\000i\000o\000n\000s}{subsection.Alph2.3}% 17
\BOOKMARK [3][-]{subsubsection.Alph2.3.2}{\376\377\000V\000a\000r\000i\000a\000b\000l\000e\000s\000\040\000d\000e\000\040\000e\000n\000t\000o\000r\000n\000o}{subsection.Alph2.3}% 18
\BOOKMARK [1][-]{appendix.Alph3}{\376\377\000D\000a\000t\000a\000s\000e\000t\000\040\000d\000e\000\040\000i\000m\000\341\000g\000e\000n\000e\000s\000\040\000y\000\040\000r\000e\000c\000u\000r\000s\000o\000s}{}% 19
\BOOKMARK [2][-]{subsection.Alph3.1}{\376\377\000E\000s\000t\000r\000u\000c\000t\000u\000r\000a\000\040\000d\000e\000l\000\040\000d\000a\000t\000a\000s\000e\000t}{appendix.Alph3}% 20
\BOOKMARK [2][-]{subsection.Alph3.2}{\376\377\000C\000a\000r\000a\000c\000t\000e\000r\000\355\000s\000t\000i\000c\000a\000s\000\040\000t\000\351\000c\000n\000i\000c\000a\000s}{appendix.Alph3}% 21
\BOOKMARK [1][-]{appendix.Alph4}{\376\377\000H\000e\000r\000r\000a\000m\000i\000e\000n\000t\000a\000s\000\040\000d\000e\000\040\000a\000n\000\341\000l\000i\000s\000i\000s\000\040\000y\000\040\000p\000r\000o\000f\000i\000l\000i\000n\000g}{}% 22
\BOOKMARK [2][-]{subsection.Alph4.1}{\376\377\000H\000e\000r\000r\000a\000m\000i\000e\000n\000t\000a\000s\000\040\000d\000e\000\040\000m\000e\000d\000i\000c\000i\000\363\000n\000\040\000d\000e\000\040\000r\000e\000n\000d\000i\000m\000i\000e\000n\000t\000o}{appendix.Alph4}% 23
\BOOKMARK [3][-]{subsubsection.Alph4.1.1}{\376\377\000T\000i\000m\000i\000n\000g\000\040\000y\000\040\000b\000e\000n\000c\000h\000m\000a\000r\000k\000i\000n\000g}{subsection.Alph4.1}% 24
\BOOKMARK [3][-]{subsubsection.Alph4.1.2}{\376\377\000P\000r\000o\000f\000i\000l\000i\000n\000g\000\040\000d\000e\000\040\000m\000e\000m\000o\000r\000i\000a}{subsection.Alph4.1}% 25
\BOOKMARK [3][-]{subsubsection.Alph4.1.3}{\376\377\000A\000n\000\341\000l\000i\000s\000i\000s\000\040\000d\000e\000\040\000r\000e\000n\000d\000i\000m\000i\000e\000n\000t\000o\000\040\000d\000e\000l\000\040\000p\000r\000o\000c\000e\000s\000a\000d\000o\000r}{subsection.Alph4.1}% 26
\BOOKMARK [2][-]{subsection.Alph4.2}{\376\377\000C\000o\000m\000a\000n\000d\000o\000s\000\040\000t\000\355\000p\000i\000c\000o\000s\000\040\000d\000e\000\040\000a\000n\000\341\000l\000i\000s\000i\000s}{appendix.Alph4}% 27
\BOOKMARK [1][-]{appendix.Alph5}{\376\377\000P\000l\000a\000n\000t\000i\000l\000l\000a\000s\000\040\000y\000\040\000e\000s\000t\000\341\000n\000d\000a\000r\000e\000s\000\040\000d\000e\000\040\000d\000o\000c\000u\000m\000e\000n\000t\000a\000c\000i\000\363\000n}{}% 28
\BOOKMARK [2][-]{subsection.Alph5.1}{\376\377\000P\000l\000a\000n\000t\000i\000l\000l\000a\000s\000\040\000d\000e\000\040\000G\000i\000t\000H\000u\000b}{appendix.Alph5}% 29
\BOOKMARK [3][-]{subsubsection.Alph5.1.1}{\376\377\000P\000l\000a\000n\000t\000i\000l\000l\000a\000\040\000d\000e\000\040\000P\000u\000l\000l\000\040\000R\000e\000q\000u\000e\000s\000t}{subsection.Alph5.1}% 30
\BOOKMARK [3][-]{subsubsection.Alph5.1.2}{\376\377\000P\000l\000a\000n\000t\000i\000l\000l\000a\000s\000\040\000d\000e\000\040\000I\000s\000s\000u\000e\000s}{subsection.Alph5.1}% 31
\BOOKMARK [2][-]{subsection.Alph5.2}{\376\377\000C\000o\000n\000v\000e\000n\000c\000i\000o\000n\000e\000s\000\040\000d\000e\000\040\000c\000\363\000d\000i\000g\000o}{appendix.Alph5}% 32
\BOOKMARK [3][-]{subsubsection.Alph5.2.1}{\376\377\000E\000s\000t\000i\000l\000o\000\040\000d\000e\000\040\000c\000\363\000d\000i\000g\000o\000\040\000C}{subsection.Alph5.2}% 33
\BOOKMARK [3][-]{subsubsection.Alph5.2.2}{\376\377\000C\000o\000n\000v\000e\000n\000c\000i\000o\000n\000e\000s\000\040\000d\000e\000\040\000c\000o\000m\000m\000i\000t\000s}{subsection.Alph5.2}% 34
\BOOKMARK [1][-]{appendix.Alph6}{\376\377\000M\000\351\000t\000r\000i\000c\000a\000s\000\040\000y\000\040\000K\000P\000I\000s\000\040\000d\000e\000l\000\040\000p\000r\000o\000y\000e\000c\000t\000o}{}% 35
\BOOKMARK [2][-]{subsection.Alph6.1}{\376\377\000M\000\351\000t\000r\000i\000c\000a\000s\000\040\000d\000e\000\040\000d\000e\000s\000a\000r\000r\000o\000l\000l\000o}{appendix.Alph6}% 36
\BOOKMARK [2][-]{subsection.Alph6.2}{\376\377\000M\000\351\000t\000r\000i\000c\000a\000s\000\040\000d\000e\000\040\000r\000e\000n\000d\000i\000m\000i\000e\000n\000t\000o\000\040\000o\000b\000j\000e\000t\000i\000v\000o}{appendix.Alph6}% 37
\BOOKMARK [1][-]{appendix.Alph7}{\376\377\000R\000e\000f\000e\000r\000e\000n\000c\000i\000a\000s\000\040\000t\000\351\000c\000n\000i\000c\000a\000s\000\040\000y\000\040\000b\000i\000b\000l\000i\000o\000g\000r\000a\000f\000\355\000a}{}% 38
\BOOKMARK [2][-]{subsection.Alph7.1}{\376\377\000D\000o\000c\000u\000m\000e\000n\000t\000a\000c\000i\000\363\000n\000\040\000o\000f\000i\000c\000i\000a\000l}{appendix.Alph7}% 39
\BOOKMARK [2][-]{subsection.Alph7.2}{\376\377\000R\000e\000c\000u\000r\000s\000o\000s\000\040\000d\000e\000\040\000o\000p\000t\000i\000m\000i\000z\000a\000c\000i\000\363\000n}{appendix.Alph7}% 40
\BOOKMARK [2][-]{subsection.Alph7.3}{\376\377\000H\000e\000r\000r\000a\000m\000i\000e\000n\000t\000a\000s\000\040\000d\000e\000\040\000d\000e\000s\000a\000r\000r\000o\000l\000l\000o}{appendix.Alph7}% 41
